adfox.ru
admetrica.ru
auto.ru
auto.yandex
beru.ru
bringly.ru
clstorage.net
com.am
com.ge
dzen.ru
dzeninfra.ru
eda.yandex
edadeal.ru
kinopoisk.ru
metrika.yandex
naydex.net
podberi.ru
punto-switcher.ru
punto.ru
rostaxi.org
ruscorpora.ru
video-yandex.ru
videoyandex.ru
webvisor.com
webvisor.org
xn--d1acpjx3f.xn--p1ai
ya.ru
yads.tech
yandex-bank.net
yandex-team.ru
yandex-video.ru
yandex.aero
yandex.asia
yandex.az
yandex.by
yandex.cloud
yandex.co.il
yandex.com
yandex.com.ru
yandex.com.tr
yandex.com.ua
yandex.de
yandex.dk
yandex.do
yandex.ee
yandex.es
yandex.eu
yandex.fi
yandex.fr
yandex.ie
yandex.in
yandex.it
yandex.jobs
yandex.kg
yandex.kz
yandex.lt
yandex.lu
yandex.lv
yandex.md
yandex.mobi
yandex.mx
yandex.net
yandex.net.ru
yandex.no
yandex.nu
yandex.org
yandex.pl
yandex.pt
yandex.qa
yandex.ro
yandex.rs
yandex.ru
yandex.ru 
yandex.sk
yandex.so
yandex.st
yandex.sx
yandex.tj
yandex.tm
yandex.ua
yandex.uz
yandexadexchange.net
yandexcloud.kz
yandexcloud.net
yandexcom.net
yandexmetrica.com
yandexsport.ru
yandexwebcache.org
yastat.net
yastatic.net
ymetrica1.com
ymvccb7b8b.ru
zen.me
zenadservices.net
adfstat.yandex.ru
ads.yandex.com
ads.yango.com
adsdk.yandex.ru
amc.yandex.ru
analytics.mobile.yandex.net
clck.yandex.com
clck.yandex.net
clck.yango.com
informer.yandex.ru
log.strm.yandex.ru
mc.yandex.com
mc.yandex.net
mc.yango.com
pixel.yandex.com
report.ap.yandex-net.ru
cabconnect.org
clck.ru
driveawaytaxi.org
elama.ru
gogettaxi.org
my-manager-account.com
sourcecraft.dev
static-storage.net
taxiaid.org
taxiguru.org
taxitax.org
turbopages.org
ya.cc
yccdn.ru
berizaryad.ru
support-uber.com
yandexgo.com
yandexlyceum.ru
yandexwebcache.net
yango-b2b.com
yango-team.com
yango-tech.com
yango.africa
yastatic-net.ru
yangofellowship.com
yango.tech
yango.com
yango.taxi
adfox.yandex.ru
ads.yandex
ads.yandex.ru
adv.yandex.com
adv.yandex.ru
an.yandex.ru
appmetrica.yandex.com
appmetrica.yandex.net
appmetrica.yandex.ru
appmetrica.yango.com
bs.yandex.ru
clck.yandex.ru
counter.yandex.ru
mc.yandex.ru
metrika.yandex.com
metrika.yandex.net
metrika.yandex.ru
yabs.yandex.ru
yandex-metrica.ru
yango-ads.com
goup.ai
hayya.ae
meteum.ai
shedevrum.ai
yandex.com.am
yandex.com.ge
yandex.tr
yango.ao
yango.bh
yango.co.il
yango.fi
yango.qa
kinopoisk-ru.clstorage.net
