# begin 2gis
2gis.ae
2gis.am
2gis.az
2gis.by
2gis.com
2gis.com.cy
2gis.cz
2gis.ge
2gis.kg
2gis.kz
2gis.ru
2gis.tech
2gis.tj
2gis.uz
# end 2gis
# begin alfabank
alfabank.ru
# end alfabank
# begin avito
auto.ru
avito.ru
avito.st
stats.avito.ru
# end avito
# begin avtodor-tr
avtodor-tr.ru
# end avtodor-tr
# begin beeline
beeline.ru
# end beeline
# begin bestbenefits
bestbenefits.ru
# end bestbenefits
# begin bitrix24
bitrix24.com
bitrix24.net
bitrix24.ru
# end bitrix24
# begin cdek
ad-cdek.ru
cdek.ru
cdek.shopping
# end cdek
# begin detmir
detmir-stats.ru
detmir.ru
detmir.st
# end detmir
# begin fssp.gov
gov.ru
# end fssp.gov
# begin gazprombank
gazprombank.ru
# end gazprombank
# begin genotek
genotek.ru
# end genotek
# begin gosuslugi
gosuslugi.ru
gu-st.ru
# end gosuslugi
# begin habr
habr.com
habrastorage.org
# end habr
# begin hh
headhunter.ru
hh.ru
# end hh
# begin invitro
invitro.ru
yandex.net
# end invitro
# begin lamoda
adjust.com
lamoda.ru
lmcdn.ru
# end lamoda
# begin leroymerlin
leroymerlin.ru
# end leroymerlin
# begin magnit
kazanexpress.ru
magnit.com
magnit.ru
mm.ru
vk.ru
# end magnit
# begin medsi
medsi.ru
# end medsi
# begin megafon
inplat.ru
megafon.com
megafon.ru
megafonpro.ru
mgfn.ru
report-megafon.ru
scartel.ru
xn--80a9a4b.xn--p1ai
xn--80aj3b.xn--p1ai
xn--80arpq.xn--p1ai
yota.ru
yotagamer.ru
# end megafon
# begin mos
mos.ru
# end mos
# begin mosenergosbyt
lkk-mosobleirc.ru
mosenergosbyt.ru
xn--90aijkdmaud0d.xn--p1ai
# end mosenergosbyt
# begin mosobleirc
domopult.ru
mosobleirc.ru
# end mosobleirc
# begin mosreg
mosreg.ru
# end mosreg
# begin mts
mts.ru
# end mts
# begin mvd
mvd.ru
# end mvd
# begin myspar
myspar.ru
# end myspar
# begin nalog
nalog.ru
# end nalog
# begin onepricecoffee
onepricecoffee.com
# end onepricecoffee
# begin ozon
ad.ozone.ru
adv.ozon.ru
agency-adv.ozon.ru
analytics-adv.ozon.ru
beginners-adv.ozon.ru
ewisdom.us.kg
google-analytics-suite.ozon.ru
loyalnost-adv.ozon.ru
new-adv.ozon.ru
o-courier.ru
o3.ru
o3t.ru
o3team.ru
ocourier.ru
ozon-credit.ru
ozon-dostavka.ru
ozon-tech.ru
ozon.app
ozon.by
ozon.com
ozon.com.by
ozon.com.kz
ozon.dev
ozon.express
ozon.global
ozon.kz
ozon.li
ozon.market
ozon.ru
ozon.tech
ozon.tm
ozon.travel
ozoncamp.pro
ozoncard.ru
ozoncom.by
ozoncorporate.ru
ozone.ru
ozonglobalevents.com
ozonpartners.by
ozonpartners.ru
ozonrocet.by
ozonroket.by
ozonru.co.il
ozonru.com
ozonru.eu
ozonru.me
ozonsport.ru
ozonstatus.ru
ozonusercontent.com
prodvizhenie-adv.ozon.ru
questions-adv.ozon.ru
rocketozon.by
sentry.ozon.ru
wildberries.ru
xapi.ozon.by
xapi.ozon.com
xapi.ozon.com.by
xapi.ozon.com.kz
xapi.ozon.kz
xapi.ozon.ru
xapi.ozonru.me
xn----8sbahiqzthbd0bn.xn--p1ai
xn--80aafgovrgbc7am.xn--p1ai
xn--e1adjldbbpv.xn--90ais
# end ozon
# begin pochta
pochta.ru
russianpost.ru
# end pochta
# begin rendez-vous
rendez-vous.ru
# end rendez-vous
# begin reso
reso.ru
# end reso
# begin roszdravnadzor.gov
sputnik.ru
# end roszdravnadzor.gov
# begin rutube
rtbcdn.ru
rutube.ru
rutubelist.ru
# end rutube
# begin rzd
rzd.ru
# end rzd
# begin saby
questa.ru
saby.ru
sbis.link
sbis.ru
tensor.ru
# end saby
# begin sberbank
sber.ru
sberbank.ru
# end sberbank
# begin t2
t2.ru
# end t2
# begin tbank
cdn-tinkoff.ru
tbank.ru
tinkoff.ru
# end tbank
# begin tenderplan
tenderplan.ru
xn----7sbbneb6bnecqehhbrn5y.xn--p1ai
# end tenderplan
# begin vkusnoitochka
dbankcloud.com
dbankcloud.ru
qsrapp.ru
vkusnoitochka.ru
# end vkusnoitochka
# begin vkusvill
vkusvill.ru
# end vkusvill
# begin vtb
vtb.ru
# end vtb
# begin wb
paywb.com
wb.ru
wbbasket.ru
wibes.ru
# end wb
# begin x5
5ka.ru
5post.market
abonementx5.ru
ads.x5.ru
ads.x5media.ru
chizhik.club
clubx5.ru
dialogx5.ru
e5.ru
fivepost.ru
idx5.ru
jx5.ru
keyx5.ru
mnogolososya.ru
myapelsin.ru
okolo.app
perekrestok.com
perekrestok.ru
sentry.x5.ru
x5.ai
x5.com
x5.digital
x5.group
x5.media
x5.ru
x5.team
x5.tech
x5club.ru
x5id.ru
x5l.ru
x5media.ru
x5paket.ru
x5q.ru
x5static.net
x5w.ru
# end x5
