amazonaws.com
arkoselabs.co
arkoselabs.com
blox.com
cloudfront.net
di-rbx.com
fastly.net
goblocks.com
goblox.com
gooblox.com
humancoexperience.com
llnwi.net
luau-lang.org
luau.org
luobu.biz
luobu.info
luobu.io
luobu.org
rblx.co
rblx.com
rblx.org
rbx-stage.com
rbx.cn
rbx.com
rbx.dev
rbxcdn-cn.com
rbxcdn.com
rbxcdn.net
rbxes.com
rbxgame.com
rbxinfra.com
rbxinfra.net
rbxlabs.com
rbxtrk.com
ro-blox.com
roadblocks.com
roblocks.com
roblox.app
roblox.cc
roblox.co.jp
roblox.com
roblox.dev
roblox.eu
roblox.jp
roblox.lat
roblox.net
roblox.org
roblox.tv
roblox.us
robloxads.com
robloxcdn.com
robloxcorp.com
robloxcorporation.com
robloxdev.com
robloxengine.com
robloxgame.com
robloxlabs.cn
robloxlabs.com
robloxmail.com
robloxmedia.com
robloxrcs.com
robloxtechtalks.com
robloxtoy.com
robloxuniverse.com
robux.com
rowblocks.com
rowblox.com
tryroblox.com
youmakethegame.com
youmakethegames.com
d1unuk07s6td74.cloudfront.net
roblox-load-generator-configuration.s3.us-east-2.amazonaws.com
roblox-poc.global.ssl.fastly.net
robloxcorp.s.llnwi.net
roblox-api.arkoselabs.com
